D:\MakeNTU\GUI_Project\Button_demo\sdk\Core\CMSIS/core_cm33.h:2390:22:__NVIC_EnableIRQ	16	static
D:/MakeNTU/GUI_Project/Button_demo/sdk/Core/drivers/fsl_common_arm.h:570:24:EnableIRQ	24	static
D:/MakeNTU/GUI_Project/Button_demo/sdk/Core/drivers/fsl_flexio.h:554:20:FLEXIO_EnableShifterStatusInterrupts	16	static
D:/MakeNTU/GUI_Project/Button_demo/sdk/Core/drivers/fsl_flexio.h:567:20:FLEXIO_DisableShifterStatusInterrupts	16	static
D:/MakeNTU/GUI_Project/Button_demo/sdk/Core/drivers/fsl_flexio.h:637:24:FLEXIO_GetShifterStatusFlags	16	static
D:/MakeNTU/GUI_Project/Button_demo/sdk/Core/drivers/fsl_flexio.h:650:20:FLEXIO_ClearShifterStatusFlags	16	static
D:/MakeNTU/GUI_Project/Button_demo/sdk/Core/drivers/fsl_flexio.h:685:24:FLEXIO_GetTimerStatusFlags	16	static
D:/MakeNTU/GUI_Project/Button_demo/sdk/Core/drivers/fsl_flexio_mculcd.h:514:20:FLEXIO_MCULCD_WriteData	16	static
D:/MakeNTU/GUI_Project/Button_demo/sdk/Core/drivers/fsl_flexio_mculcd.h:524:20:FLEXIO_MCULCD_StartTransfer	16	static
D:/MakeNTU/GUI_Project/Button_demo/sdk/Core/drivers/fsl_flexio_mculcd.h:534:20:FLEXIO_MCULCD_StopTransfer	16	static
D:/MakeNTU/GUI_Project/Button_demo/sdk/Core/drivers/fsl_flexio_mculcd.c:57:10:FLEXIO_MCULCD_Init	32	static
D:/MakeNTU/GUI_Project/Button_demo/sdk/Core/drivers/fsl_flexio_mculcd.c:83:6:FLEXIO_MCULCD_Deinit	16	static
D:/MakeNTU/GUI_Project/Button_demo/sdk/Core/drivers/fsl_flexio_mculcd.c:102:6:FLEXIO_MCULCD_GetDefaultConfig	16	static
D:/MakeNTU/GUI_Project/Button_demo/sdk/Core/drivers/fsl_flexio_mculcd.c:125:10:FLEXIO_MCULCD_SetBaudRate	40	static
D:/MakeNTU/GUI_Project/Button_demo/sdk/Core/drivers/fsl_flexio_mculcd.c:164:10:FLEXIO_MCULCD_GetStatusFlags	24	static
D:/MakeNTU/GUI_Project/Button_demo/sdk/Core/drivers/fsl_flexio_mculcd.c:194:6:FLEXIO_MCULCD_ClearStatusFlags	24	static
D:/MakeNTU/GUI_Project/Button_demo/sdk/Core/drivers/fsl_flexio_mculcd.c:221:6:FLEXIO_MCULCD_EnableInterrupts	24	static
D:/MakeNTU/GUI_Project/Button_demo/sdk/Core/drivers/fsl_flexio_mculcd.c:248:6:FLEXIO_MCULCD_DisableInterrupts	24	static
D:/MakeNTU/GUI_Project/Button_demo/sdk/Core/drivers/fsl_flexio_mculcd.c:292:10:FLEXIO_MCULCD_ReadData	16	static
D:/MakeNTU/GUI_Project/Button_demo/sdk/Core/drivers/fsl_flexio_mculcd.c:312:6:FLEXIO_MCULCD_SetSingleBeatWriteConfig	24	static
D:/MakeNTU/GUI_Project/Button_demo/sdk/Core/drivers/fsl_flexio_mculcd.c:373:6:FLEXIO_MCULCD_ClearSingleBeatWriteConfig	16	static
D:/MakeNTU/GUI_Project/Button_demo/sdk/Core/drivers/fsl_flexio_mculcd.c:402:6:FLEXIO_MCULCD_SetSingleBeatReadConfig	24	static
D:/MakeNTU/GUI_Project/Button_demo/sdk/Core/drivers/fsl_flexio_mculcd.c:469:6:FLEXIO_MCULCD_ClearSingleBeatReadConfig	16	static
D:/MakeNTU/GUI_Project/Button_demo/sdk/Core/drivers/fsl_flexio_mculcd.c:498:6:FLEXIO_MCULCD_SetMultiBeatsWriteConfig	32	static
D:/MakeNTU/GUI_Project/Button_demo/sdk/Core/drivers/fsl_flexio_mculcd.c:577:6:FLEXIO_MCULCD_ClearMultiBeatsWriteConfig	24	static
D:/MakeNTU/GUI_Project/Button_demo/sdk/Core/drivers/fsl_flexio_mculcd.c:614:6:FLEXIO_MCULCD_SetMultiBeatsReadConfig	32	static
D:/MakeNTU/GUI_Project/Button_demo/sdk/Core/drivers/fsl_flexio_mculcd.c:698:6:FLEXIO_MCULCD_ClearMultiBeatsReadConfig	24	static
D:/MakeNTU/GUI_Project/Button_demo/sdk/Core/drivers/fsl_flexio_mculcd.c:731:6:FLEXIO_MCULCD_WaitTransmitComplete	16	static
D:/MakeNTU/GUI_Project/Button_demo/sdk/Core/drivers/fsl_flexio_mculcd.c:750:6:FLEXIO_MCULCD_WriteCommandBlocking	24	static
D:/MakeNTU/GUI_Project/Button_demo/sdk/Core/drivers/fsl_flexio_mculcd.c:795:6:FLEXIO_MCULCD_WriteDataArrayBlocking	40	static
D:/MakeNTU/GUI_Project/Button_demo/sdk/Core/drivers/fsl_flexio_mculcd.c:866:6:FLEXIO_MCULCD_ReadDataArrayBlocking	40	static
D:/MakeNTU/GUI_Project/Button_demo/sdk/Core/drivers/fsl_flexio_mculcd.c:944:6:FLEXIO_MCULCD_WriteSameValueBlocking	32	static
D:/MakeNTU/GUI_Project/Button_demo/sdk/Core/drivers/fsl_flexio_mculcd.c:991:6:FLEXIO_MCULCD_TransferBlocking	16	static
D:/MakeNTU/GUI_Project/Button_demo/sdk/Core/drivers/fsl_flexio_mculcd.c:1031:10:FLEXIO_MCULCD_TransferCreateHandle	32	static
D:/MakeNTU/GUI_Project/Button_demo/sdk/Core/drivers/fsl_flexio_mculcd.c:1072:10:FLEXIO_MCULCD_TransferNonBlocking	32	static
D:/MakeNTU/GUI_Project/Button_demo/sdk/Core/drivers/fsl_flexio_mculcd.c:1163:6:FLEXIO_MCULCD_TransferAbort	16	static
D:/MakeNTU/GUI_Project/Button_demo/sdk/Core/drivers/fsl_flexio_mculcd.c:1207:10:FLEXIO_MCULCD_TransferGetCount	24	static
D:/MakeNTU/GUI_Project/Button_demo/sdk/Core/drivers/fsl_flexio_mculcd.c:1232:6:FLEXIO_MCULCD_TransferHandleIRQ	40	static
