D:\MakeNTU\GUI_Project\MakeNTU_FACE\sdk\Core\drivers/fsl_gpio.h:329:20:GPIO_PinWrite	24	static
D:\MakeNTU\GUI_Project\MakeNTU_FACE\sdk\Core\drivers/fsl_port.h:360:20:PORT_SetPinConfig	32	static
D:/MakeNTU/GUI_Project/MakeNTU_FACE/sdk/Core/board/lvgl_support.c:148:13:DEMO_SetCSPin	16	static
D:/MakeNTU/GUI_Project/MakeNTU_FACE/sdk/Core/board/lvgl_support.c:153:13:DEMO_SetRSPin	16	static
D:/MakeNTU/GUI_Project/MakeNTU_FACE/sdk/Core/board/lvgl_support.c:158:13:DEMO_DbiMemoryDoneCallback	24	static
D:/MakeNTU/GUI_Project/MakeNTU_FACE/sdk/Core/board/lvgl_support.c:172:6:DEMO_LCD_I2C_Init	8	static
D:/MakeNTU/GUI_Project/MakeNTU_FACE/sdk/Core/board/lvgl_support.c:177:10:DEMO_LCD_I2C_Send	32	static
D:/MakeNTU/GUI_Project/MakeNTU_FACE/sdk/Core/board/lvgl_support.c:183:10:DEMO_LCD_I2C_Receive	32	static
D:/MakeNTU/GUI_Project/MakeNTU_FACE/sdk/Core/board/lvgl_support.c:189:6:DEMO_TouchDelayMs	40	static
D:/MakeNTU/GUI_Project/MakeNTU_FACE/sdk/Core/board/lvgl_support.c:198:6:DEMO_TouchConfigIntPin	24	static
D:/MakeNTU/GUI_Project/MakeNTU_FACE/sdk/Core/board/lvgl_support.c:239:6:DEMO_TouchConfigResetPin	16	static
D:/MakeNTU/GUI_Project/MakeNTU_FACE/sdk/Core/board/lvgl_support.c:251:13:DEMO_ClearLcd	32	static
D:/MakeNTU/GUI_Project/MakeNTU_FACE/sdk/Core/board/lvgl_support.c:296:10:DEMO_InitLcdController	40	static
D:/MakeNTU/GUI_Project/MakeNTU_FACE/sdk/Core/board/lvgl_support.c:447:13:DEMO_InitLcdClock	4	static
D:/MakeNTU/GUI_Project/MakeNTU_FACE/sdk/Core/board/lvgl_support.c:451:13:DEMO_InitLcd	8	static
D:/MakeNTU/GUI_Project/MakeNTU_FACE/sdk/Core/board/lvgl_support.c:472:13:DEMO_FlushDisplay	48	static
D:/MakeNTU/GUI_Project/MakeNTU_FACE/sdk/Core/board/lvgl_support.c:514:6:lv_port_pre_init	4	static
D:/MakeNTU/GUI_Project/MakeNTU_FACE/sdk/Core/board/lvgl_support.c:518:6:lv_port_disp_init	8	static
D:/MakeNTU/GUI_Project/MakeNTU_FACE/sdk/Core/board/lvgl_support.c:553:6:lv_port_indev_init	8	static
D:/MakeNTU/GUI_Project/MakeNTU_FACE/sdk/Core/board/lvgl_support.c:572:13:DEMO_InitTouch	40	static
D:/MakeNTU/GUI_Project/MakeNTU_FACE/sdk/Core/board/lvgl_support.c:609:13:DEMO_ReadTouch	56	static
