D:\MakeNTU\GUI_Project\Button_demo\sdk\Core\CMSIS/core_cm33.h:2390:22:__NVIC_EnableIRQ	16	static
D:\MakeNTU\GUI_Project\Button_demo\sdk\Core\CMSIS/core_cm33.h:2587:22:__NVIC_SetPriority	16	static
D:\MakeNTU\GUI_Project\Button_demo\sdk\Core\drivers/fsl_clock.h:1394:20:CLOCK_EnableClock	24	static
D:\MakeNTU\GUI_Project\Button_demo\sdk\Core\drivers/fsl_common_arm.h:570:24:EnableIRQ	24	static
D:\MakeNTU\GUI_Project\Button_demo\sdk\Core\drivers/fsl_gpio.h:329:20:GPIO_PinWrite	24	static
D:\MakeNTU\GUI_Project\Button_demo\sdk\Core\lvgl\lvgl/src/lv_api_map.h:35:51:lv_task_handler	8	static
D:\MakeNTU\GUI_Project\Button_demo\sdk\Core\drivers/fsl_port.h:360:20:PORT_SetPinConfig	32	static
D:/MakeNTU/GUI_Project/Button_demo/sdk/Core/source/lvgl_guider.c:59:17:get_idle_time_cb	8	static
D:/MakeNTU/GUI_Project/Button_demo/sdk/Core/source/lvgl_guider.c:64:13:reset_idle_time_cb	8	static
D:/MakeNTU/GUI_Project/Button_demo/sdk/Core/source/lvgl_guider.c:69:13:AppTask	16	static
D:/MakeNTU/GUI_Project/Button_demo/sdk/Core/source/lvgl_guider.c:100:13:BOARD_InitSmartDMA	8	static
D:/MakeNTU/GUI_Project/Button_demo/sdk/Core/source/lvgl_guider.c:117:13:i2c_release_bus_delay	8	static
D:/MakeNTU/GUI_Project/Button_demo/sdk/Core/source/lvgl_guider.c:122:6:BOARD_I2C_ReleaseBus	16	static
D:/MakeNTU/GUI_Project/Button_demo/sdk/Core/source/lvgl_guider.c:174:6:InitUartConnect	48	static
D:/MakeNTU/GUI_Project/Button_demo/sdk/Core/source/lvgl_guider.c:190:6:ButtonGui	40	static
D:/MakeNTU/GUI_Project/Button_demo/sdk/Core/source/lvgl_guider.c:194:6:ReturnGui	40	static
D:/MakeNTU/GUI_Project/Button_demo/sdk/Core/source/lvgl_guider.c:198:6:ShowNumber	24	static
D:/MakeNTU/GUI_Project/Button_demo/sdk/Core/source/lvgl_guider.c:216:5:main	24	static
D:/MakeNTU/GUI_Project/Button_demo/sdk/Core/source/lvgl_guider.c:261:6:vApplicationMallocFailedHook	8	static
D:/MakeNTU/GUI_Project/Button_demo/sdk/Core/source/lvgl_guider.c:272:6:vApplicationTickHook	8	static
D:/MakeNTU/GUI_Project/Button_demo/sdk/Core/source/lvgl_guider.c:283:6:vApplicationStackOverflowHook	16	static
