D:\MakeNTU\GUI_Project\Button_demo\sdk\Core\drivers/fsl_lpuart.h:869:23:LPUART_ReadByte	32	static
D:/MakeNTU/GUI_Project/Button_demo/sdk/Core/source/Monitor.c:43:6:LP_FLEXCOMM4_IRQHandler	16	static
D:/MakeNTU/GUI_Project/Button_demo/sdk/Core/source/Monitor.c:63:6:MonitorInit	8	static
D:/MakeNTU/GUI_Project/Button_demo/sdk/Core/source/Monitor.c:68:6:MonitorRegisterFunctions	16	static
D:/MakeNTU/GUI_Project/Button_demo/sdk/Core/source/Monitor.c:84:6:UartSend	24	static
D:/MakeNTU/GUI_Project/Button_demo/sdk/Core/source/Monitor.c:107:1:MonitorParseAndExec	160	static
D:/MakeNTU/GUI_Project/Button_demo/sdk/Core/source/Monitor.c:183:6:UartReciveAndAck	16	static
