19:37:27 **** Incremental Build of configuration Debug for project frdmmcxn947_lvgl_guider_v8 ****
make -r -j16 all 
make[1]: Nothing to be done for 'main-build'.
Performing post-build steps
arm-none-eabi-size "frdmmcxn947_lvgl_guider_v8.axf"; # arm-none-eabi-objcopy -v -O binary "frdmmcxn947_lvgl_guider_v8.axf" "frdmmcxn947_lvgl_guider_v8.bin" ; # checksum -p MCXN947 -d "frdmmcxn947_lvgl_guider_v8.bin";
   text	   data	    bss	    dec	    hex	filename
 584388	    240	 145320	 729948	  b235c	frdmmcxn947_lvgl_guider_v8.axf
 

19:37:28 Build Finished. 0 errors, 0 warnings. (took 1s.5ms)

