19:36:37 **** Incremental Build of configuration Debug for project frdmmcxn947_lvgl_guider_v8 ****
make -r -j16 all 
Building file: D:/MakeNTU/GUI_Project/MakeNTU_FACE/sdk/Core/source/lvgl_guider.c
Invoking: MCU C Compiler
arm-none-eabi-gcc -std=gnu99 -D__NEWLIB__ -DCPU_MCXN947VDF -DCPU_MCXN947VDF_cm33 -DCPU_MCXN947VDF_cm33_core0 -DLV_CONF_INCLUDE_SIMPLE=1 -DMCUXPRESSO_SDK -DSDK_I2C_BASED_COMPONENT_USED=1 -DSDK_OS_FREE_RTOS -DSDK_DEBUGCONSOLE=1 -DCR_INTEGER_PRINTF -D__MCUXPRESSO -D__USE_CMSIS -DDEBUG -I"D:\MakeNTU\GUI_Project\MakeNTU_FACE\sdk\Core\source" -I"D:\MakeNTU\GUI_Project\MakeNTU_FACE\sdk\Core\drivers" -I"D:\MakeNTU\GUI_Project\MakeNTU_FACE\sdk\Core\lcdc" -I"D:\MakeNTU\GUI_Project\MakeNTU_FACE\sdk\Core\video" -I"D:\MakeNTU\GUI_Project\MakeNTU_FACE\sdk\Core\touchpanel" -I"D:\MakeNTU\GUI_Project\MakeNTU_FACE\sdk\Core\freertos\freertos-kernel\portable\GCC\ARM_CM33_NTZ\non_secure" -I"D:\MakeNTU\GUI_Project\MakeNTU_FACE\sdk\Core\utilities" -I"D:\MakeNTU\GUI_Project\MakeNTU_FACE\sdk\Core\lvgl\lvgl" -I"D:\MakeNTU\GUI_Project\MakeNTU_FACE\sdk\Core\lvgl\lvgl\src" -I"D:\MakeNTU\GUI_Project\MakeNTU_FACE\sdk\Core\lvgl\lvgl\src\font" -I"D:\MakeNTU\GUI_Project\MakeNTU_FACE\sdk\Core\lvgl" -I"D:\MakeNTU\GUI_Project\MakeNTU_FACE\sdk\Core\device" -I"D:\MakeNTU\frdmmcxn947_lvgl_guider_v8\startup" -I"D:\MakeNTU\GUI_Project\MakeNTU_FACE\sdk\Core\component\uart" -I"D:\MakeNTU\GUI_Project\MakeNTU_FACE\sdk\Core\component\lists" -I"D:\MakeNTU\GUI_Project\MakeNTU_FACE\sdk\Core\freertos\freertos-kernel\include" -I"D:\MakeNTU\GUI_Project\MakeNTU_FACE\sdk\Core\CMSIS" -I"D:\MakeNTU\GUI_Project\MakeNTU_FACE\sdk\Core\board" -I"D:\MakeNTU\GUI_Project\MakeNTU_FACE\generated" -I"D:\MakeNTU\GUI_Project\MakeNTU_FACE\custom" -I"D:\MakeNTU\GUI_Project\MakeNTU_FACE\generated\guider_customer_fonts" -I"D:\MakeNTU\GUI_Project\MakeNTU_FACE\generated\guider_fonts" -O0 -fno-common -g3 -gdwarf-4 -Wall -mcpu=cortex-m33 -c -ffunction-sections -fdata-sections -fno-builtin -Wno-format -fmerge-constants -fmacro-prefix-map="D:/MakeNTU/GUI_Project/MakeNTU_FACE/sdk/Core/source/"= -mcpu=cortex-m33 -mfpu=fpv5-sp-d16 -mfloat-abi=hard -mthumb -D__NEWLIB__ -fstack-usage -specs=nano.specs -MMD -MP -MF"source/lvgl_guider.d" -MT"source/lvgl_guider.o" -MT"source/lvgl_guider.d" -o "source/lvgl_guider.o" "D:/MakeNTU/GUI_Project/MakeNTU_FACE/sdk/Core/source/lvgl_guider.c"
D:/MakeNTU/GUI_Project/MakeNTU_FACE/sdk/Core/source/lvgl_guider.c: In function 'ShowNumber':
D:/MakeNTU/GUI_Project/MakeNTU_FACE/sdk/Core/source/lvgl_guider.c:204:9: warning: implicit declaration of function 'sscanf' [-Wimplicit-function-declaration]
  204 |         sscanf(pValue,"%d",&value);
      |         ^~~~~~
Finished building: D:/MakeNTU/GUI_Project/MakeNTU_FACE/sdk/Core/source/lvgl_guider.c
 
Building target: frdmmcxn947_lvgl_guider_v8.axf
Invoking: MCU C++ Linker
arm-none-eabi-c++ -nostdlib -Xlinker -no-warn-rwx-segments -Xlinker -Map="frdmmcxn947_lvgl_guider_v8.map" -Xlinker --gc-sections -Xlinker -print-memory-usage -Xlinker --sort-section=alignment -Xlinker --cref -mcpu=cortex-m33 -mfpu=fpv5-sp-d16 -mfloat-abi=hard -mthumb -T frdmmcxn947_lvgl_guider_v8_Debug.ld -o "frdmmcxn947_lvgl_guider_v8.axf" ./video/fsl_dbi.o ./video/fsl_dbi_flexio_edma.o ./video/fsl_dbi_flexio_smartdma.o  ./utilities/fsl_assert.o ./utilities/fsl_debug_console.o ./utilities/fsl_memcpy.o ./utilities/fsl_str.o  ./touchpanel/fsl_ft5406_rt.o ./touchpanel/fsl_gt911.o  ./startup/boot_multicore_slave.o ./startup/startup_mcxn947_cm33_core0.o  ./source/Monitor.o ./source/lvgl_demo_utils.o ./source/lvgl_freertos.o ./source/lvgl_guider.o  ./lvgl/lvgl/src/widgets/lv_arc.o ./lvgl/lvgl/src/widgets/lv_bar.o ./lvgl/lvgl/src/widgets/lv_btn.o ./lvgl/lvgl/src/widgets/lv_btnmatrix.o ./lvgl/lvgl/src/widgets/lv_canvas.o ./lvgl/lvgl/src/widgets/lv_checkbox.o ./lvgl/lvgl/src/widgets/lv_dropdown.o ./lvgl/lvgl/src/widgets/lv_img.o ./lvgl/lvgl/src/widgets/lv_label.o ./lvgl/lvgl/src/widgets/lv_line.o ./lvgl/lvgl/src/widgets/lv_objx_templ.o ./lvgl/lvgl/src/widgets/lv_roller.o ./lvgl/lvgl/src/widgets/lv_slider.o ./lvgl/lvgl/src/widgets/lv_switch.o ./lvgl/lvgl/src/widgets/lv_table.o ./lvgl/lvgl/src/widgets/lv_textarea.o  ./lvgl/lvgl/src/misc/lv_anim.o ./lvgl/lvgl/src/misc/lv_anim_timeline.o ./lvgl/lvgl/src/misc/lv_area.o ./lvgl/lvgl/src/misc/lv_async.o ./lvgl/lvgl/src/misc/lv_bidi.o ./lvgl/lvgl/src/misc/lv_color.o ./lvgl/lvgl/src/misc/lv_fs.o ./lvgl/lvgl/src/misc/lv_gc.o ./lvgl/lvgl/src/misc/lv_ll.o ./lvgl/lvgl/src/misc/lv_log.o ./lvgl/lvgl/src/misc/lv_lru.o ./lvgl/lvgl/src/misc/lv_math.o ./lvgl/lvgl/src/misc/lv_mem.o ./lvgl/lvgl/src/misc/lv_printf.o ./lvgl/lvgl/src/misc/lv_style.o ./lvgl/lvgl/src/misc/lv_style_gen.o ./lvgl/lvgl/src/misc/lv_templ.o ./lvgl/lvgl/src/misc/lv_timer.o ./lvgl/lvgl/src/misc/lv_tlsf.o ./lvgl/lvgl/src/misc/lv_txt.o ./lvgl/lvgl/src/misc/lv_txt_ap.o ./lvgl/lvgl/src/misc/lv_utils.o  ./lvgl/lvgl/src/hal/lv_hal_disp.o ./lvgl/lvgl/src/hal/lv_hal_indev.o ./lvgl/lvgl/src/hal/lv_hal_tick.o  ./lvgl/lvgl/src/font/lv_font.o ./lvgl/lvgl/src/font/lv_font_dejavu_16_persian_hebrew.o ./lvgl/lvgl/src/font/lv_font_fmt_txt.o ./lvgl/lvgl/src/font/lv_font_loader.o ./lvgl/lvgl/src/font/lv_font_montserrat_10.o ./lvgl/lvgl/src/font/lv_font_montserrat_12.o ./lvgl/lvgl/src/font/lv_font_montserrat_12_subpx.o ./lvgl/lvgl/src/font/lv_font_montserrat_14.o ./lvgl/lvgl/src/font/lv_font_montserrat_16.o ./lvgl/lvgl/src/font/lv_font_montserrat_18.o ./lvgl/lvgl/src/font/lv_font_montserrat_20.o ./lvgl/lvgl/src/font/lv_font_montserrat_22.o ./lvgl/lvgl/src/font/lv_font_montserrat_24.o ./lvgl/lvgl/src/font/lv_font_montserrat_26.o ./lvgl/lvgl/src/font/lv_font_montserrat_28.o ./lvgl/lvgl/src/font/lv_font_montserrat_28_compressed.o ./lvgl/lvgl/src/font/lv_font_montserrat_30.o ./lvgl/lvgl/src/font/lv_font_montserrat_32.o ./lvgl/lvgl/src/font/lv_font_montserrat_34.o ./lvgl/lvgl/src/font/lv_font_montserrat_36.o ./lvgl/lvgl/src/font/lv_font_montserrat_38.o ./lvgl/lvgl/src/font/lv_font_montserrat_40.o ./lvgl/lvgl/src/font/lv_font_montserrat_42.o ./lvgl/lvgl/src/font/lv_font_montserrat_44.o ./lvgl/lvgl/src/font/lv_font_montserrat_46.o ./lvgl/lvgl/src/font/lv_font_montserrat_48.o ./lvgl/lvgl/src/font/lv_font_montserrat_8.o ./lvgl/lvgl/src/font/lv_font_simsun_16_cjk.o ./lvgl/lvgl/src/font/lv_font_unscii_16.o ./lvgl/lvgl/src/font/lv_font_unscii_8.o  ./lvgl/lvgl/src/extra/widgets/win/lv_win.o  ./lvgl/lvgl/src/extra/widgets/video/lv_video.o  ./lvgl/lvgl/src/extra/widgets/tileview/lv_tileview.o  ./lvgl/lvgl/src/extra/widgets/textprogress/lv_textprogress.o  ./lvgl/lvgl/src/extra/widgets/tabview/lv_tabview.o  ./lvgl/lvgl/src/extra/widgets/spinner/lv_spinner.o  ./lvgl/lvgl/src/extra/widgets/spinbox/lv_spinbox.o  ./lvgl/lvgl/src/extra/widgets/span/lv_span.o  ./lvgl/lvgl/src/extra/widgets/radiobtn/lv_radiobtn.o  ./lvgl/lvgl/src/extra/widgets/msgbox/lv_msgbox.o  ./lvgl/lvgl/src/extra/widgets/meter/lv_meter.o  ./lvgl/lvgl/src/extra/widgets/menu/lv_menu.o  ./lvgl/lvgl/src/extra/widgets/list/lv_list.o  ./lvgl/lvgl/src/extra/widgets/led/lv_led.o  ./lvgl/lvgl/src/extra/widgets/keyboard/lv_keyboard.o ./lvgl/lvgl/src/extra/widgets/keyboard/lv_zh_keyboard.o  ./lvgl/lvgl/src/extra/widgets/imgbtn/lv_imgbtn.o  ./lvgl/lvgl/src/extra/widgets/dclock/lv_dclock.o  ./lvgl/lvgl/src/extra/widgets/colorwheel/lv_colorwheel.o  ./lvgl/lvgl/src/extra/widgets/chart/lv_chart.o  ./lvgl/lvgl/src/extra/widgets/carousel/lv_carousel.o  ./lvgl/lvgl/src/extra/widgets/calendar/lv_calendar.o ./lvgl/lvgl/src/extra/widgets/calendar/lv_calendar_header_arrow.o ./lvgl/lvgl/src/extra/widgets/calendar/lv_calendar_header_dropdown.o  ./lvgl/lvgl/src/extra/widgets/animimg/lv_animimg.o  ./lvgl/lvgl/src/extra/widgets/analogclock/lv_analogclock.o  ./lvgl/lvgl/src/extra/themes/mono/lv_theme_mono.o  ./lvgl/lvgl/src/extra/themes/default/lv_theme_default.o  ./lvgl/lvgl/src/extra/themes/basic/lv_theme_basic.o  ./lvgl/lvgl/src/extra/others/snapshot/lv_snapshot.o  ./lvgl/lvgl/src/extra/others/msg/lv_msg.o  ./lvgl/lvgl/src/extra/others/monkey/lv_monkey.o  ./lvgl/lvgl/src/extra/others/imgfont/lv_imgfont.o  ./lvgl/lvgl/src/extra/others/ime/lv_ime_pinyin.o  ./lvgl/lvgl/src/extra/others/gridnav/lv_gridnav.o  ./lvgl/lvgl/src/extra/others/fragment/lv_fragment.o ./lvgl/lvgl/src/extra/others/fragment/lv_fragment_manager.o  ./lvgl/lvgl/src/extra/libs/sjpg/lv_sjpg.o ./lvgl/lvgl/src/extra/libs/sjpg/tjpgd.o  ./lvgl/lvgl/src/extra/libs/rlottie/lv_rlottie.o  ./lvgl/lvgl/src/extra/libs/qrcode/lv_qrcode.o ./lvgl/lvgl/src/extra/libs/qrcode/qrcodegen.o  ./lvgl/lvgl/src/extra/libs/png/lodepng.o ./lvgl/lvgl/src/extra/libs/png/lv_png.o  ./lvgl/lvgl/src/extra/libs/gif/gifdec.o ./lvgl/lvgl/src/extra/libs/gif/lv_gif.o  ./lvgl/lvgl/src/extra/libs/fsdrv/lv_fs_fatfs.o ./lvgl/lvgl/src/extra/libs/fsdrv/lv_fs_posix.o ./lvgl/lvgl/src/extra/libs/fsdrv/lv_fs_rawfs.o ./lvgl/lvgl/src/extra/libs/fsdrv/lv_fs_stdio.o ./lvgl/lvgl/src/extra/libs/fsdrv/lv_fs_win32.o  ./lvgl/lvgl/src/extra/libs/freetype/lv_freetype.o  ./lvgl/lvgl/src/extra/libs/ffmpeg/lv_ffmpeg.o  ./lvgl/lvgl/src/extra/libs/bmp/lv_bmp.o  ./lvgl/lvgl/src/extra/libs/barcode/code128.o ./lvgl/lvgl/src/extra/libs/barcode/lv_barcode.o  ./lvgl/lvgl/src/extra/layouts/grid/lv_grid.o  ./lvgl/lvgl/src/extra/layouts/flex/lv_flex.o  ./lvgl/lvgl/src/extra/lv_extra.o  ./lvgl/lvgl/src/draw/swm341_dma2d/lv_gpu_swm341_dma2d.o  ./lvgl/lvgl/src/draw/sw/lv_draw_sw.o ./lvgl/lvgl/src/draw/sw/lv_draw_sw_arc.o ./lvgl/lvgl/src/draw/sw/lv_draw_sw_blend.o ./lvgl/lvgl/src/draw/sw/lv_draw_sw_dither.o ./lvgl/lvgl/src/draw/sw/lv_draw_sw_gradient.o ./lvgl/lvgl/src/draw/sw/lv_draw_sw_img.o ./lvgl/lvgl/src/draw/sw/lv_draw_sw_layer.o ./lvgl/lvgl/src/draw/sw/lv_draw_sw_letter.o ./lvgl/lvgl/src/draw/sw/lv_draw_sw_line.o ./lvgl/lvgl/src/draw/sw/lv_draw_sw_polygon.o ./lvgl/lvgl/src/draw/sw/lv_draw_sw_rect.o ./lvgl/lvgl/src/draw/sw/lv_draw_sw_transform.o  ./lvgl/lvgl/src/draw/stm32_dma2d/lv_gpu_stm32_dma2d.o  ./lvgl/lvgl/src/draw/sdl/lv_draw_sdl.o ./lvgl/lvgl/src/draw/sdl/lv_draw_sdl_arc.o ./lvgl/lvgl/src/draw/sdl/lv_draw_sdl_bg.o ./lvgl/lvgl/src/draw/sdl/lv_draw_sdl_composite.o ./lvgl/lvgl/src/draw/sdl/lv_draw_sdl_img.o ./lvgl/lvgl/src/draw/sdl/lv_draw_sdl_label.o ./lvgl/lvgl/src/draw/sdl/lv_draw_sdl_layer.o ./lvgl/lvgl/src/draw/sdl/lv_draw_sdl_line.o ./lvgl/lvgl/src/draw/sdl/lv_draw_sdl_mask.o ./lvgl/lvgl/src/draw/sdl/lv_draw_sdl_polygon.o ./lvgl/lvgl/src/draw/sdl/lv_draw_sdl_rect.o ./lvgl/lvgl/src/draw/sdl/lv_draw_sdl_stack_blur.o ./lvgl/lvgl/src/draw/sdl/lv_draw_sdl_texture_cache.o ./lvgl/lvgl/src/draw/sdl/lv_draw_sdl_utils.o  ./lvgl/lvgl/src/draw/renesas/lv_gpu_d2_draw_label.o ./lvgl/lvgl/src/draw/renesas/lv_gpu_d2_ra6m3.o  ./lvgl/lvgl/src/draw/nxp/vglite/lv_draw_vglite.o ./lvgl/lvgl/src/draw/nxp/vglite/lv_draw_vglite_arc.o ./lvgl/lvgl/src/draw/nxp/vglite/lv_draw_vglite_blend.o ./lvgl/lvgl/src/draw/nxp/vglite/lv_draw_vglite_line.o ./lvgl/lvgl/src/draw/nxp/vglite/lv_draw_vglite_rect.o ./lvgl/lvgl/src/draw/nxp/vglite/lv_vglite_buf.o ./lvgl/lvgl/src/draw/nxp/vglite/lv_vglite_utils.o  ./lvgl/lvgl/src/draw/nxp/pxp/lv_draw_pxp.o ./lvgl/lvgl/src/draw/nxp/pxp/lv_draw_pxp_blend.o ./lvgl/lvgl/src/draw/nxp/pxp/lv_gpu_nxp_pxp.o ./lvgl/lvgl/src/draw/nxp/pxp/lv_gpu_nxp_pxp_osa.o  ./lvgl/lvgl/src/draw/arm2d/lv_gpu_arm2d.o  ./lvgl/lvgl/src/draw/lv_draw.o ./lvgl/lvgl/src/draw/lv_draw_arc.o ./lvgl/lvgl/src/draw/lv_draw_img.o ./lvgl/lvgl/src/draw/lv_draw_label.o ./lvgl/lvgl/src/draw/lv_draw_layer.o ./lvgl/lvgl/src/draw/lv_draw_line.o ./lvgl/lvgl/src/draw/lv_draw_mask.o ./lvgl/lvgl/src/draw/lv_draw_rect.o ./lvgl/lvgl/src/draw/lv_draw_transform.o ./lvgl/lvgl/src/draw/lv_draw_triangle.o ./lvgl/lvgl/src/draw/lv_img_buf.o ./lvgl/lvgl/src/draw/lv_img_cache.o ./lvgl/lvgl/src/draw/lv_img_decoder.o  ./lvgl/lvgl/src/core/lv_disp.o ./lvgl/lvgl/src/core/lv_event.o ./lvgl/lvgl/src/core/lv_group.o ./lvgl/lvgl/src/core/lv_indev.o ./lvgl/lvgl/src/core/lv_indev_scroll.o ./lvgl/lvgl/src/core/lv_obj.o ./lvgl/lvgl/src/core/lv_obj_class.o ./lvgl/lvgl/src/core/lv_obj_draw.o ./lvgl/lvgl/src/core/lv_obj_pos.o ./lvgl/lvgl/src/core/lv_obj_scroll.o ./lvgl/lvgl/src/core/lv_obj_style.o ./lvgl/lvgl/src/core/lv_obj_style_gen.o ./lvgl/lvgl/src/core/lv_obj_tree.o ./lvgl/lvgl/src/core/lv_refr.o ./lvgl/lvgl/src/core/lv_theme.o  ./lcdc/fsl_ssd1963.o ./lcdc/fsl_st7796s.o  ./generated/images/_AVNET_alpha_258x74.o ./generated/images/_NXP_alpha_135x65.o  ./generated/guider_fonts/lv_font_Alatsi_Regular_22.o ./generated/guider_fonts/lv_font_Alatsi_Regular_30.o ./generated/guider_fonts/lv_font_AmaticSC_Regular_70.o ./generated/guider_fonts/lv_font_montserratMedium_12.o ./generated/guider_fonts/lv_font_montserratMedium_16.o  ./generated/events_init.o ./generated/gui_guider.o ./generated/setup_scr_Normal.o ./generated/setup_scr_Sleep.o ./generated/setup_scr_Start.o ./generated/widgets_init.o  ./freertos/freertos-kernel/portable/MemMang/heap_4.o  ./freertos/freertos-kernel/portable/GCC/ARM_CM33_NTZ/non_secure/mpu_wrappers_v2_asm.o ./freertos/freertos-kernel/portable/GCC/ARM_CM33_NTZ/non_secure/port.o ./freertos/freertos-kernel/portable/GCC/ARM_CM33_NTZ/non_secure/portasm.o  ./freertos/freertos-kernel/croutine.o ./freertos/freertos-kernel/event_groups.o ./freertos/freertos-kernel/list.o ./freertos/freertos-kernel/queue.o ./freertos/freertos-kernel/stream_buffer.o ./freertos/freertos-kernel/tasks.o ./freertos/freertos-kernel/timers.o  ./drivers/fsl_clock.o ./drivers/fsl_common.o ./drivers/fsl_common_arm.o ./drivers/fsl_edma.o ./drivers/fsl_edma_soc.o ./drivers/fsl_flexio.o ./drivers/fsl_flexio_mculcd.o ./drivers/fsl_flexio_mculcd_edma.o ./drivers/fsl_flexio_mculcd_smartdma.o ./drivers/fsl_gpio.o ./drivers/fsl_inputmux.o ./drivers/fsl_lpflexcomm.o ./drivers/fsl_lpi2c.o ./drivers/fsl_lpuart.o ./drivers/fsl_reset.o ./drivers/fsl_smartdma.o ./drivers/fsl_smartdma_mcxn.o ./drivers/fsl_smartdma_rt500.o ./drivers/fsl_spc.o  ./device/system_MCXN947_cm33_core0.o  ./custom/custom.o  ./component/uart/fsl_adapter_lpuart.o  ./component/lists/fsl_component_generic_list.o  ./board/board.o ./board/clock_config.o ./board/lvgl_support.o ./board/pin_mux.o   
Memory region         Used Size  Region Size  %age Used
  PROGRAM_FLASH0:      584628 B         1 MB     55.75%
  PROGRAM_FLASH1:          0 GB         1 MB      0.00%
            SRAM:      145560 B       384 KB     37.02%
           SRAMX:          0 GB        96 KB      0.00%
           SRAMH:          0 GB        32 KB      0.00%
         USB_RAM:          0 GB         4 KB      0.00%
Finished building target: frdmmcxn947_lvgl_guider_v8.axf
 
Performing post-build steps
arm-none-eabi-size "frdmmcxn947_lvgl_guider_v8.axf"; # arm-none-eabi-objcopy -v -O binary "frdmmcxn947_lvgl_guider_v8.axf" "frdmmcxn947_lvgl_guider_v8.bin" ; # checksum -p MCXN947 -d "frdmmcxn947_lvgl_guider_v8.bin";
   text	   data	    bss	    dec	    hex	filename
 584388	    240	 145320	 729948	  b235c	frdmmcxn947_lvgl_guider_v8.axf
 
19:37:27 **** Incremental Build of configuration Debug for project frdmmcxn947_lvgl_guider_v8 ****
make -r -j16 all 
make[1]: Nothing to be done for 'main-build'.
Performing post-build steps
arm-none-eabi-size "frdmmcxn947_lvgl_guider_v8.axf"; # arm-none-eabi-objcopy -v -O binary "frdmmcxn947_lvgl_guider_v8.axf" "frdmmcxn947_lvgl_guider_v8.bin" ; # checksum -p MCXN947 -d "frdmmcxn947_lvgl_guider_v8.bin";
   text	   data	    bss	    dec	    hex	filename
 584388	    240	 145320	 729948	  b235c	frdmmcxn947_lvgl_guider_v8.axf
 
