14:08:09 **** Incremental Build of configuration Debug for project MCXN947_test_Project ****
make -r -j16 all 
make[1]: Nothing to be done for 'main-build'.
Performing post-build steps
arm-none-eabi-size "MCXN947_test_Project.axf"; # arm-none-eabi-objcopy -v -O binary "MCXN947_test_Project.axf" "MCXN947_test_Project.bin" ; # checksum -p MCXN947 -d "MCXN947_test_Project.bin";
   text	   data	    bss	    dec	    hex	filename
  15288	     12	   8736	  24036	   5de4	MCXN947_test_Project.axf
 

14:08:09 Build Finished. 0 errors, 0 warnings. (took 321ms)

